[freetemplates.pro/demo/maguwohost/index.html]
[backblue.gif]
[fade.gif]
[index.html]
[maxcdn.bootstrapcdn.com/font-awesome/4.6.0/css/font-awesome.min.css]
[freetemplates.pro/demo/maguwohost/css/grid.css]
[freetemplates.pro/demo/maguwohost/style.css]
[freetemplates.pro/demo/maguwohost/css/menu.css]
[freetemplates.pro/demo/maguwohost/css/responsive.css]
[freetemplates.pro/demo/maguwohost/css/animate.css]
[freetemplates.pro/demo/maguwohost/images/logo.png]
[freetemplates.pro/demo/maguwohost/images/link.png]
[freetemplates.pro/demo/maguwohost/images/lamp.png]
[freetemplates.pro/demo/maguwohost/images/1.png]
[freetemplates.pro/demo/maguwohost/images/2.png]
[freetemplates.pro/demo/maguwohost/images/3.png]
[freetemplates.pro/demo/maguwohost/images/4.png]
[freetemplates.pro/demo/maguwohost/images/c1.png]
[freetemplates.pro/demo/maguwohost/images/c2.png]
[freetemplates.pro/demo/maguwohost/images/c3.png]
[freetemplates.pro/demo/maguwohost/images/c4.png]
[freetemplates.pro/demo/maguwohost/images/c5.png]
[freetemplates.pro/demo/maguwohost/images/locator.png]
[freetemplates.pro/demo/maguwohost/images/flogo.png]
[code.jquery.com/jquery-2.1.4.min.js]
[freetemplates.pro/demo/maguwohost/js/script.js]
[freetemplates.pro/demo/maguwohost/js/fixed-responsive-nav.js]
[freetemplates.pro/demo/maguwohost/js/waypoints.min.js]
[freetemplates.pro/demo/maguwohost/index.html]
[fonts.googleapis.com/css7c5e.css]
[maxcdn.bootstrapcdn.com/font-awesome/4.6.0/css/font-awesome.min.css]
[freetemplates.pro/demo/maguwohost/css/grid.css]
[maxcdn.bootstrapcdn.com/font-awesome/4.6.0/fonts/fontawesome-webfont37ec.svg]
[freetemplates.pro/demo/maguwohost/images/banner.jpg]
[freetemplates.pro/demo/maguwohost/images/servicesa.png]
[freetemplates.pro/demo/maguwohost/style.css]
[freetemplates.pro/demo/maguwohost/images/map.jpg]
[freetemplates.pro/demo/maguwohost/icons/responsivenav.1d.delayed]
[freetemplates.pro/demo/maguwohost/icons/responsivenavd41d.eot]
[freetemplates.pro/demo/maguwohost/icons/responsivenav.ttf]
[freetemplates.pro/demo/maguwohost/icons/responsivenav.ttf]
[freetemplates.pro/demo/maguwohost/icons/responsivenav.woff]
[freetemplates.pro/demo/maguwohost/icons/responsivenav.svg]
[freetemplates.pro/demo/maguwohost/css/menu.css]
[freetemplates.pro/demo/maguwohost/css/responsive.css]
[freetemplates.pro/demo/maguwohost/css/animate.css]
[maxcdn.bootstrapcdn.com/font-awesome/4.6.0/fonts/fontawesome-webfont37ec.svg]
[freetemplates.pro/demo/maguwohost/icons/responsivenav.html]
[freetemplates.pro/demo/maguwohost/icons/responsivenavd41d.html]
[freetemplates.pro/demo/maguwohost/icons/responsivenav-2.html]
