[backblue.gif]
[fade.gif]
[index.html]
[gianfar.ltd.ua/navis/slider/assets/images/home-img/1_3.jpg]
[gianfar.ltd.ua/navis/slider/assets/images/about/mobile-profile.jpg]
[gianfar.ltd.ua/navis/slider/assets/images/clients/company.png]
[gianfar.ltd.ua/navis/slider/assets/images/clients/company-2.png]
[gianfar.ltd.ua/navis/slider/assets/images/clients/company-3.png]
[gianfar.ltd.ua/navis/slider/assets/images/clients/company-4.png]
[gianfar.ltd.ua/navis/slider/assets/images/portfolio/big-img/project-big-1.jpg]
[gianfar.ltd.ua/navis/slider/assets/images/portfolio/project-1.jpg]
[gianfar.ltd.ua/navis/slider/assets/images/portfolio/big-img/project-big-2.jpg]
[gianfar.ltd.ua/navis/slider/assets/images/portfolio/project-2.jpg]
[gianfar.ltd.ua/navis/slider/assets/images/portfolio/big-img/project-big-3.jpg]
[gianfar.ltd.ua/navis/slider/assets/images/portfolio/project-3.jpg]
[gianfar.ltd.ua/navis/slider/assets/images/portfolio/big-img/project-big-4.jpg]
[gianfar.ltd.ua/navis/slider/assets/images/portfolio/project-4.jpg]
[gianfar.ltd.ua/navis/slider/assets/images/portfolio/big-img/project-big-5.jpg]
[gianfar.ltd.ua/navis/slider/assets/images/portfolio/project-5.jpg]
[gianfar.ltd.ua/navis/slider/assets/images/portfolio/big-img/project-big-6.jpg]
[gianfar.ltd.ua/navis/slider/assets/images/portfolio/project-6.jpg]
[gianfar.ltd.ua/navis/parallax/assets/js/googlemap.js]
[gianfar.ltd.ua/navis/parallax/assets/js/jquery-3.2.1.min.js]
[gianfar.ltd.ua/navis/parallax/assets/js/jquery.shuffle.min.js]
[gianfar.ltd.ua/navis/parallax/assets/js/imagesloaded.pkgd.min.js]
[gianfar.ltd.ua/navis/parallax/assets/js/bootstrap.bundle.min.js]
[gianfar.ltd.ua/navis/parallax/assets/js/owl.carousel.min.js]
[gianfar.ltd.ua/navis/parallax/assets/js/jquery.magnific-popup.min.js]
[gianfar.ltd.ua/navis/parallax/assets/js/validator.min.js]
[gianfar.ltd.ua/navis/parallax/assets/js/form-scripts.js]
[gianfar.ltd.ua/navis/parallax/assets/js/swiper.min.js]
[gianfar.ltd.ua/navis/parallax/index.html]
[gianfar.ltd.ua/navis/parallax/assets/js/main.js]
[gianfar.ltd.ua/navis/parallax/assets/fonts/ionicons28b5.eot]
[gianfar.ltd.ua/navis/parallax/assets/fonts/ionicons28b5.ttf]
[gianfar.ltd.ua/navis/parallax/assets/fonts/ionicons28b5.woff]
[gianfar.ltd.ua/navis/parallax/assets/css/ionicons.min.css]
[gianfar.ltd.ua/navis/parallax/assets/fonts/fontawesome-webfont3e6e.eot]
[gianfar.ltd.ua/navis/parallax/assets/fonts/fontawesome-webfontd41d.eot]
[gianfar.ltd.ua/navis/parallax/assets/fonts/fontawesome-webfont3e6e.woff2]
[gianfar.ltd.ua/navis/parallax/assets/fonts/fontawesome-webfont3e6e.woff]
[gianfar.ltd.ua/navis/parallax/assets/fonts/fontawesome-webfont3e6e.ttf]
[gianfar.ltd.ua/navis/parallax/assets/css/font-awesome.min.css]
[gianfar.ltd.ua/navis/parallax/assets/css/bootstrap.min.css]
[gianfar.ltd.ua/navis/parallax/assets/css/owl.carousel.min.css]
[gianfar.ltd.ua/navis/parallax/assets/css/owl.theme.default.min.css]
[gianfar.ltd.ua/navis/parallax/assets/css/magnific-popup.css]
[gianfar.ltd.ua/navis/parallax/assets/css/swiper.css]
[gianfar.ltd.ua/navis/parallax/assets/css/style.css]
[gianfar.ltd.ua/navis/parallax/assets/images/logo.svg]
[gianfar.ltd.ua/navis/parallax/assets/fonts/ionicons28b5.svg]
[gianfar.ltd.ua/navis/slider/assets/images/about/profile.jpg]
[gianfar.ltd.ua/navis/parallax/assets/fonts/fontawesome-webfont3e6e.svg]
[gianfar.ltd.ua/navis/parallax/assets/css/owl.video.play.html]
