[demo.themefisher.com/themefisher/timer/index.html]
[backblue.gif]
[fade.gif]
[index.html]
[demo.themefisher.com/themefisher/timer/images/favicon.png]
[demo.themefisher.com/themefisher/timer/css/bootstrap.min.css]
[demo.themefisher.com/themefisher/timer/css/ionicons.min.css]
[demo.themefisher.com/themefisher/timer/css/animate.css]
[demo.themefisher.com/themefisher/timer/css/slider.css]
[demo.themefisher.com/themefisher/timer/css/owl.carousel.css]
[demo.themefisher.com/themefisher/timer/css/owl.theme.css]
[demo.themefisher.com/themefisher/timer/css/jquery.fancybox.css]
[demo.themefisher.com/themefisher/timer/css/main.css]
[demo.themefisher.com/themefisher/timer/css/responsive.css]
[demo.themefisher.com/themefisher/timer/js/vendor/modernizr-2.6.2.min.js]
[ajax.googleapis.com/ajax/libs/jquery/1.10.2/jquery.min.js]
[demo.themefisher.com/themefisher/timer/js/owl.carousel.min.js]
[demo.themefisher.com/themefisher/timer/js/wow.min.js]
[demo.themefisher.com/themefisher/timer/js/bootstrap.min.js]
[demo.themefisher.com/themefisher/timer/js/slider.js]
[demo.themefisher.com/themefisher/timer/js/main.js]
[demo.themefisher.com/themefisher/timer/js/jquery.fancybox.js]
[demo.themefisher.com/themefisher/timer/index-2.html]
[demo.themefisher.com/themefisher/timer/images/logo.png]
[demo.themefisher.com/themefisher/timer/about.html]
[demo.themefisher.com/themefisher/timer/service.html]
[demo.themefisher.com/themefisher/timer/404.html]
[demo.themefisher.com/themefisher/timer/gallery.html]
[demo.themefisher.com/themefisher/timer/blog-fullwidth.html]
[demo.themefisher.com/themefisher/timer/blog-left-sidebar.html]
[demo.themefisher.com/themefisher/timer/blog-right-sidebar.html]
[demo.themefisher.com/themefisher/timer/contact.html]
[demo.themefisher.com/themefisher/timer/images/about/about.jpg]
[demo.themefisher.com/themefisher/timer/images/portfolio/item-1.jpg]
[demo.themefisher.com/themefisher/timer/images/portfolio/item-2.jpg]
[demo.themefisher.com/themefisher/timer/single-portfolio.html]
[demo.themefisher.com/themefisher/timer/images/portfolio/item-3.jpg]
[demo.themefisher.com/themefisher/timer/images/portfolio/item-5.jpg]
[demo.themefisher.com/themefisher/timer/index.html]
[demo.themefisher.com/themefisher/timer/index-2.html]
[demo.themefisher.com/themefisher/timer/images/team/team-2.jpg]
[demo.themefisher.com/themefisher/timer/images/team/team-4.jpg]
[demo.themefisher.com/themefisher/timer/images/clients/logo-1.jpg]
[demo.themefisher.com/themefisher/timer/images/clients/logo-2.jpg]
[demo.themefisher.com/themefisher/timer/images/clients/logo-3.jpg]
[demo.themefisher.com/themefisher/timer/images/clients/logo-4.jpg]
[demo.themefisher.com/themefisher/timer/about.html]
[demo.themefisher.com/themefisher/timer/images/clients/logo-5.jpg]
[demo.themefisher.com/themefisher/timer/service.html]
[demo.themefisher.com/themefisher/timer/404.html]
[demo.themefisher.com/themefisher/timer/gallery.html]
[demo.themefisher.com/themefisher/timer/images/team.jpg]
[demo.themefisher.com/themefisher/timer/post-fullwidth.html]
[demo.themefisher.com/themefisher/timer/images/blog/post-1.jpg]
[demo.themefisher.com/themefisher/timer/single-post.html]
[demo.themefisher.com/themefisher/timer/images/blog/post-2.jpg]
[demo.themefisher.com/themefisher/timer/blog-fullwidth.html]
[demo.themefisher.com/themefisher/timer/images/blog/post-3.jpg]
[demo.themefisher.com/themefisher/timer/images/author/author-bg.jpg]
[demo.themefisher.com/themefisher/timer/images/author/author.jpg]
[demo.themefisher.com/themefisher/timer/blog-left-sidebar.html]
[demo.themefisher.com/themefisher/timer/Contact-2.html]
[demo.themefisher.com/themefisher/timer/blog-right-sidebar.html]
[demo.themefisher.com/themefisher/timer/contact.html]
[demo.themefisher.com/themefisher/timer/images/portfolio/post-1.jpg]
[demo.themefisher.com/themefisher/timer/single-postfolio.html]
[demo.themefisher.com/themefisher/timer/single-portfolio.html]
[demo.themefisher.com/themefisher/timer/post-fullwidth.html]
[demo.themefisher.com/themefisher/timer/images/avater.jpg]
[demo.themefisher.com/themefisher/timer/images/avater-2.jpg]
[demo.themefisher.com/themefisher/timer/single-post.html]
[demo.themefisher.com/themefisher/timer/Contact-2.html]
[demo.themefisher.com/themefisher/timer/single-postfolio.html]
[demo.themefisher.com/themefisher/timer/images/favicon.html]
[demo.themefisher.com/themefisher/timer/js/owl.carousel.min.js]
[demo.themefisher.com/themefisher/timer/js/bootstrap.min.js]
[demo.themefisher.com/themefisher/timer/js/wow.min.js]
[demo.themefisher.com/themefisher/timer/js/slider.js]
[demo.themefisher.com/themefisher/timer/js/jquery.fancybox.js]
[demo.themefisher.com/themefisher/timer/js/main.js]
[demo.themefisher.com/themefisher/timer/images/about/about.jpg]
[demo.themefisher.com/themefisher/timer/images/portfolio/item-1.jpg]
[demo.themefisher.com/themefisher/timer/images/portfolio/item-2.jpg]
[demo.themefisher.com/themefisher/timer/images/portfolio/item-3.jpg]
[demo.themefisher.com/themefisher/timer/images/portfolio/item-5.jpg]
[demo.themefisher.com/themefisher/timer/fonts/glyphicons-halflings-regular.3c.delayed]
[demo.themefisher.com/themefisher/timer/images/team/team-2.jpg]
[demo.themefisher.com/themefisher/timer/images/clients/logo-1.jpg]
[demo.themefisher.com/themefisher/timer/fonts/glyphicons-halflings-regular.3dd41d.delayed]
[demo.themefisher.com/themefisher/timer/images/clients/logo-3.jpg]
[demo.themefisher.com/themefisher/timer/fonts/glyphicons-halflings-regular-2.html]
[demo.themefisher.com/themefisher/timer/fonts/glyphicons-halflings-regular.woff]
[demo.themefisher.com/themefisher/timer/fonts/glyphicons-halflings-regular.ttf]
[demo.themefisher.com/themefisher/timer/fonts/glyphicons-halflings-regular.svg]
[demo.themefisher.com/themefisher/timer/css/bootstrap.min.css]
[demo.themefisher.com/themefisher/timer/images/clients/logo-5.jpg]
[demo.themefisher.com/themefisher/timer/images/team.jpg]
[demo.themefisher.com/themefisher/timer/images/clients/logo-2.jpg]
[demo.themefisher.com/themefisher/timer/fonts/ionicons28b5.eot]
[demo.themefisher.com/themefisher/timer/fonts/ionicons28b5.ttf]
[demo.themefisher.com/themefisher/timer/images/team/team-4.jpg]
[demo.themefisher.com/themefisher/timer/images/blog/post-1.jpg]
[demo.themefisher.com/themefisher/timer/css/ionicons.min.css]
[demo.themefisher.com/themefisher/timer/images/clients/logo-4.jpg]
[demo.themefisher.com/themefisher/timer/images/blog/post-3.jpg]
[demo.themefisher.com/themefisher/timer/css/animate.css]
[demo.themefisher.com/themefisher/timer/fonts/ionicons28b5.svg]
[demo.themefisher.com/themefisher/timer/images/author/author-bg.jpg]
[demo.themefisher.com/themefisher/timer/images/author/author.jpg]
[demo.themefisher.com/themefisher/timer/css/slider.css]
[demo.themefisher.com/themefisher/timer/images/portfolio/post-1.jpg]
[demo.themefisher.com/themefisher/timer/images/avater.jpg]
[demo.themefisher.com/themefisher/timer/images/avater-2.jpg]
[demo.themefisher.com/themefisher/timer/css/grabbing.46.delayed]
[demo.themefisher.com/themefisher/timer/css/owl.carousel.css]
[demo.themefisher.com/themefisher/timer/css/AjaxLoader.gif]
[demo.themefisher.com/themefisher/timer/css/owl.theme.css]
[demo.themefisher.com/themefisher/timer/css/fancybox_sprite.png]
[demo.themefisher.com/themefisher/timer/css/fancybox_loading.gif]
[demo.themefisher.com/themefisher/timer/css/fancybox_sprite@2x.png]
[demo.themefisher.com/themefisher/timer/css/fancybox_loading@2x.gif]
[demo.themefisher.com/themefisher/timer/css/jquery.fancybox.css]
[demo.themefisher.com/themefisher/timer/images/slider.jpg]
[demo.themefisher.com/themefisher/timer/images/blog/post-2.jpg]
[demo.themefisher.com/themefisher/timer/images/icons/close.png]
[demo.themefisher.com/themefisher/timer/images/icons/right.png]
[demo.themefisher.com/themefisher/timer/images/icons/left.png]
[demo.themefisher.com/themefisher/timer/css/main.css]
[demo.themefisher.com/themefisher/timer/images/icons/close.png]
[demo.themefisher.com/themefisher/timer/css/responsive.css]
[demo.themefisher.com/themefisher/timer/images/icons/right.png]
[demo.themefisher.com/themefisher/timer/index-2.html]
[demo.themefisher.com/themefisher/timer/images/icons/left.png]
[demo.themefisher.com/themefisher/timer/fonts/ionicons28b5.ttf]
[demo.themefisher.com/themefisher/timer/fonts/ionicons28b5.eot]
[demo.themefisher.com/themefisher/timer/single-portfolio.html]
[demo.themefisher.com/themefisher/timer/images/portfolio/item-4.jpg]
[demo.themefisher.com/themefisher/timer/images/portfolio/item-6.jpg]
[demo.themefisher.com/themefisher/timer/images/about/about-company.jpg]
[demo.themefisher.com/themefisher/timer/images/team/team-1.jpg]
[demo.themefisher.com/themefisher/timer/single-post.html]
[demo.themefisher.com/themefisher/timer/Contact-2.html]
[demo.themefisher.com/themefisher/timer/single-postfolio.html]
[demo.themefisher.com/themefisher/timer/images/avater-1.jpg]
[demo.themefisher.com/themefisher/timer/fonts/glyphicons-halflings-regular.html]
[demo.themefisher.com/themefisher/timer/fonts/glyphicons-halflings-regulard41d.html]
[demo.themefisher.com/themefisher/timer/fonts/glyphicons-halflings-regular-2.html]
[demo.themefisher.com/themefisher/timer/fonts/glyphicons-halflings-regular-3.html]
[demo.themefisher.com/themefisher/timer/fonts/glyphicons-halflings-regular-4.html]
[demo.themefisher.com/themefisher/timer/fonts/glyphicons-halflings-regular-5.html]
[demo.themefisher.com/themefisher/timer/fonts/ionicons28b5.woff]
[demo.themefisher.com/themefisher/timer/fonts/ionicons28b5.svg]
[demo.themefisher.com/themefisher/timer/css/grabbing.html]
[demo.themefisher.com/themefisher/timer/css/AjaxLoader.html]
[demo.themefisher.com/themefisher/timer/css/fancybox_sprite.html]
[demo.themefisher.com/themefisher/timer/css/fancybox_loading.html]
[demo.themefisher.com/themefisher/timer/css/fancybox_sprite@2x.html]
[demo.themefisher.com/themefisher/timer/css/fancybox_loading@2x.html]
[demo.themefisher.com/themefisher/timer/post-fullwidth.html]
[demo.themefisher.com/themefisher/timer/images/team/team-3.jpg]
