[colorlib.com/etc/cellon/index.html]
[colorlib.com/etc/cellon/img/fav.png]
[backblue.gif]
[fade.gif]
[index.html]
[colorlib.com/etc/cellon/css/linearicons.css]
[colorlib.com/etc/cellon/css/owl.carousel.css]
[colorlib.com/etc/cellon/css/font-awesome.min.css]
[colorlib.com/etc/cellon/css/nice-select.css]
[colorlib.com/etc/cellon/css/magnific-popup.css]
[colorlib.com/etc/cellon/css/bootstrap.css]
[colorlib.com/etc/cellon/css/main.css]
[colorlib.com/etc/cellon/img/logo.png]
[colorlib.com/etc/cellon/generic.html]
[colorlib.com/etc/cellon/elements.html]
[colorlib.com/etc/cellon/img/header-img.png]
[colorlib.com/etc/cellon/img/play-btn.png]
[colorlib.com/etc/cellon/img/about.png]
[colorlib.com/cdn-cgi/scripts/5c5dd728/cloudflare-static/email-decode.min.js]
[colorlib.com/etc/cellon/js/vendor/jquery-2.2.4.min.js]
[cdnjs.cloudflare.com/ajax/libs/popper.js/1.11.0/umd/popper.min.js]
[colorlib.com/etc/cellon/js/vendor/bootstrap.min.js]
[colorlib.com/etc/cellon/js/jquery.ajaxchimp.min.js]
[colorlib.com/etc/cellon/js/owl.carousel.min.js]
[colorlib.com/etc/cellon/js/jquery.nice-select.min.js]
[colorlib.com/etc/cellon/js/jquery.magnific-popup.min.js]
[colorlib.com/etc/cellon/js/jquery.counterup.min.js]
[colorlib.com/etc/cellon/js/waypoints.min.js]
[colorlib.com/etc/cellon/js/main.js]
[colorlib.com/etc/cellon/index.html]
[fonts.googleapis.com/cssfe86.css]
[colorlib.com/etc/cellon/img/a.jpg]
[colorlib.com/etc/cellon/img/a2.jpg]
[colorlib.com/etc/cellon/generic.html]
[colorlib.com/etc/cellon/img/d.jpg]
[colorlib.com/etc/cellon/img/f1.jpg]
[colorlib.com/etc/cellon/img/f2.jpg]
[colorlib.com/etc/cellon/img/f3.jpg]
[colorlib.com/etc/cellon/img/f4.jpg]
[colorlib.com/etc/cellon/img/f5.jpg]
[colorlib.com/etc/cellon/img/f6.jpg]
[colorlib.com/etc/cellon/img/f7.jpg]
[colorlib.com/etc/cellon/img/f8.jpg]
[colorlib.com/etc/cellon/img/g1.jpg]
[colorlib.com/etc/cellon/img/g2.jpg]
[colorlib.com/etc/cellon/img/g3.jpg]
[colorlib.com/etc/cellon/img/g4.jpg]
[colorlib.com/etc/cellon/img/g5.jpg]
[colorlib.com/etc/cellon/img/g6.jpg]
[colorlib.com/etc/cellon/img/g7.jpg]
[colorlib.com/etc/cellon/img/g8.jpg]
[colorlib.com/etc/cellon/elements.html]
[fonts.googleapis.com/css1b5d.css]
[colorlib.com/etc/cellon/img/header-img.png]
[colorlib.com/etc/cellon/img/about.png]
[colorlib.com/etc/cellon/img/fav.html]
[colorlib.com/cdn-cgi/scripts/5c5dd728/cloudflare-static/email-decode.min.js]
[cdnjs.cloudflare.com/ajax/libs/popper.js/1.11.0/umd/popper.min.js]
[colorlib.com/etc/cellon/js/vendor/bootstrap.min.js]
[colorlib.com/etc/cellon/js/vendor/jquery-2.2.4.min.js]
[colorlib.com/etc/cellon/js/jquery.ajaxchimp.min.js]
[colorlib.com/etc/cellon/js/owl.carousel.min.js]
[colorlib.com/etc/cellon/fonts/Linearicons-Free54e9.eot]
[colorlib.com/etc/cellon/js/jquery.nice-select.min.js]
[colorlib.com/etc/cellon/js/jquery.magnific-popup.min.js]
[colorlib.com/etc/cellon/js/waypoints.min.js]
[colorlib.com/etc/cellon/img/a2.jpg]
[colorlib.com/etc/cellon/img/d.jpg]
[colorlib.com/etc/cellon/js/main.js]
[colorlib.com/etc/cellon/fonts/Linearicons-Freed41d.eot]
[colorlib.com/etc/cellon/img/g1.jpg]
[colorlib.com/etc/cellon/img/g3.jpg]
[colorlib.com/etc/cellon/img/g2.jpg]
[colorlib.com/etc/cellon/fonts/Linearicons-Free54e9.woff2]
[colorlib.com/etc/cellon/img/g4.jpg]
[colorlib.com/etc/cellon/img/g5.jpg]
[colorlib.com/etc/cellon/img/g6.jpg]
[colorlib.com/etc/cellon/fonts/Linearicons-Free54e9.woff]
[colorlib.com/etc/cellon/img/g8.jpg]
[colorlib.com/etc/cellon/img/g7.jpg]
[colorlib.com/etc/cellon/fonts/Linearicons-Free54e9.eot]
[colorlib.com/etc/cellon/fonts/Linearicons-Freed41d.eot]
[colorlib.com/etc/cellon/fonts/Linearicons-Free54e9.woff2]
[colorlib.com/etc/cellon/fonts/Linearicons-Free54e9.woff]
[colorlib.com/etc/cellon/fonts/Linearicons-Free54e9.ttf]
[colorlib.com/etc/cellon/css/linearicons.css]
[colorlib.com/etc/cellon/fonts/Linearicons-Free54e9.svg]
[colorlib.com/etc/cellon/css/owl.video.play.png]
[colorlib.com/etc/cellon/css/owl.carousel.css]
[colorlib.com/etc/cellon/fonts/fontawesome-webfont3e6e.eot]
[colorlib.com/etc/cellon/fonts/fontawesome-webfontd41d.eot]
[colorlib.com/etc/cellon/fonts/fontawesome-webfont3e6e.woff2]
[colorlib.com/etc/cellon/fonts/fontawesome-webfontd41d.eot]
[colorlib.com/etc/cellon/fonts/fontawesome-webfont3e6e.woff]
[colorlib.com/etc/cellon/fonts/fontawesome-webfont3e6e.woff2]
[colorlib.com/etc/cellon/fonts/fontawesome-webfont3e6e.ttf]
[colorlib.com/etc/cellon/css/font-awesome.min.css]
[colorlib.com/etc/cellon/css/nice-select.css]
[colorlib.com/etc/cellon/css/magnific-popup.css]
[colorlib.com/etc/cellon/css/bootstrap.css]
[colorlib.com/etc/cellon/fonts/fontawesome-webfont3e6e.svg]
[colorlib.com/etc/cellon/img/elements/primary-check.png]
[colorlib.com/etc/cellon/img/elements/success-check.png]
[colorlib.com/etc/cellon/img/elements/disabled-check.png]
[colorlib.com/etc/cellon/img/elements/primary-radio.png]
[colorlib.com/etc/cellon/img/elements/success-radio.png]
[colorlib.com/etc/cellon/img/elements/disabled-radio.png]
[colorlib.com/etc/cellon/img/video-bg.jpg]
[colorlib.com/etc/cellon/img/contact-bg.jpg]
[colorlib.com/etc/cellon/css/main.css]
[fonts.googleapis.com/css1b5d.css]
[colorlib.com/etc/cellon/fonts/Linearicons-Free54e9.svg]
[colorlib.com/etc/cellon/css/owl.video.play.html]
[colorlib.com/etc/cellon/fonts/fontawesome-webfont3e6e.svg]
